// Jest Snapshot v1, https://goo.gl/fbAQLP

exports[`object 1`] = `
"{
    "id": number;
    "name": string;
    "roles": Array<string>;
}"
`;
